[]
  0 : {}
    boolean : "boolean"
    func : "function"
    hello : "string"
    nullValue : "null"
    number : "number"
    object : "object"
    undefinedValue : "undefined"
  1 : {}
    _[[[root-type]]]_ : {}
      number : 1
      string : 1
    age : {}
      number : 1
    count : {}
      number : 1
    func : {}
      function : 1
    name : {}
      string : 1
    object : {}
      object : 1
    someValue : {}
      array : 1
      boolean : 1
      string : 1