{}
  01 1, "2" : []
    0 : "array"
    1 : []
      0 : "number"
      1 : "string"
  02 1, "2", {a: 1} : []
    0 : "array"
    1 : []
      0 : "number"
      1 : "string"
      2 : {}
        a : "number"
  03 1, "2", {a: {b: 1}} : []
    0 : "array"
    1 : []
      0 : "number"
      1 : "string"
      2 : {}
        a : {}
          b : "number"
  04 1, "2", {a: {b: {c: 1}} : []
    0 : "array"
    1 : []
      0 : "number"
      1 : "string"
      2 : {}
        a : {}
          b : {}
            c : "number"
  05 1, "2", {a: {b: {c: 1}}, {a: {b: 1}} : []
    0 : "array"
    1 : []
      0 : "number"
      1 : "string"
      2 : {}
        a : {}
          b : []
            0 : {}
              c : "number"
            1 : "number"
  06 1, "2", {a: {b: [1, "2"]}}, {a: {b: 1}} : []
    0 : "array"
    1 : []
      0 : "number"
      1 : "string"
      2 : {}
        a : {}
          b : []
            0 : []
              0 : "array"
              1 : []
                0 : "number"
                1 : "string"
            1 : "number"
  07 1, "2", {a: {b: 1}}, {a: {b: "2"}}, {a: {c: null}} : []
    0 : "array"
    1 : []
      0 : "number"
      1 : "string"
      2 : {}
        a : {}
          b : []
            0 : "number"
            1 : "string"
            2 : "undefined"
          c : []
            0 : "undefined"
            1 : "null"
  08 1, "2", {a: [1, "2"]}, {a: {b: 1}, {a: {b: "2"}}, {a: {c: null} : []
    0 : "array"
    1 : []
      0 : "number"
      1 : "string"
      2 : {}
        a : []
          0 : []
            0 : "array"
            1 : []
              0 : "number"
              1 : "string"
          1 : {}
            b : []
              0 : "number"
              1 : "string"
              2 : "undefined"
            c : []
              0 : "undefined"
              1 : "null"
  09 1, "2", {a: nan}, {a: [1, "2"]}, {a: {b: 1}, {a: {b: "2"}}, {a: {c: null} : []
    0 : "array"
    1 : []
      0 : "number"
      1 : "string"
      2 : {}
        a : []
          0 : "nan"
          1 : []
            0 : "array"
            1 : []
              0 : "number"
              1 : "string"
          2 : {}
            b : []
              0 : "number"
              1 : "string"
              2 : "undefined"
            c : []
              0 : "undefined"
              1 : "null"
  10 1, {a: [nan]}, {a: [1, "2"]}, {a: [{b: 1}]}, [null] : []
    0 : "array"
    1 : []
      0 : "number"
      1 : {}
        a : []
          0 : "array"
          1 : []
            0 : "nan"
            1 : "number"
            2 : "string"
            3 : {}
              b : "number"
      2 : []
        0 : "array"
        1 : "null"
  11 {a: [nan]}, {a: [{b: 1}]}, {a: [{b: [{c: 1}, "1"]}]} : []
    0 : "array"
    1 : {}
      a : []
        0 : "array"
        1 : []
          0 : "nan"
          1 : {}
            b : []
              0 : "number"
              1 : []
                0 : "array"
                1 : []
                  0 : {}
                    c : "number"
                  1 : "string"
  12 {a : [{a: 1}], b: [{a: "1"}]} : {}
    a : []
      0 : "array"
      1 : {}
        a : "number"
    b : []
      0 : "array"
      1 : {}
        a : "string"
  13 {a: [{a: 1}, {a: "1"}]} : {}
    a : []
      0 : "array"
      1 : {}
        a : []
          0 : "number"
          1 : "string"
  14 {a: [{a: "1"}, {a: [1, {b: 1}]}, {a: {c: 1}}, {a: [{d: 1}]}]} : {}
    a : []
      0 : "array"
      1 : {}
        a : []
          0 : "string"
          1 : []
            0 : "array"
            1 : []
              0 : "number"
              1 : {}
                b : []
                  0 : "number"
                  1 : "undefined"
                d : []
                  0 : "undefined"
                  1 : "number"
          2 : {}
            c : "number"